<?xml version="1.0" encoding="utf-8"?>
<TestRun id="612ecdd9-5d18-4421-b521-8af4f62965a0" name="@Evrens-MacBook-Pro-2 2026-04-11 15:01:04" xmlns="http://microsoft.com/schemas/VisualStudio/TeamTest/2010">
  <Times creation="2026-04-11T15:01:04.8702990+02:00" queuing="2026-04-11T15:01:04.8702990+02:00" start="2026-04-11T15:01:04.4088810+02:00" finish="2026-04-11T15:01:09.8804010+02:00" />
  <TestSettings name="default" id="8a7a2953-9cfe-4d65-8f25-59cd4472d4cf">
    <Deployment runDeploymentRoot="_Evrens-MacBook-Pro-2_2026-04-11_15_01_04" />
  </TestSettings>
  <Results>
    <UnitTestResult executionId="bb8ef4bb-2398-44b0-836d-ed44c7fe0465" testId="f824d80b-8269-342e-375e-a12a486347d3" testName="VolleyballScraper.Tests.Integration.StandingsApiIntegrationTests.Api_ShouldReturnGoztepeData_WhenGoztepeExists" computerName="Evrens-MacBook-Pro-2" duration="00:00:02.9453603" startTime="2026-04-11T15:01:05.8680740+02:00" endTime="2026-04-11T15:01:08.8137330+02:00" testType="13cdc9d9-ddb5-4fa4-a97d-d965ccfc6d4b" outcome="Passed" testListId="8c84fa94-04c1-424b-9868-57a2d4851a1d" relativeResultsDirectory="bb8ef4bb-2398-44b0-836d-ed44c7fe0465" />
    <UnitTestResult executionId="86e0b6fb-4700-4605-8691-913e195a1802" testId="74f22482-e31a-3bd1-3aad-553dc84c41fe" testName="VolleyballScraper.Tests.Services.StandingsScraperServiceTests.GetCompetitionsAsync_ShouldReturnCachedResults_WhenCacheHit(seasonId: &quot;2024-2025&quot;, category: &quot;BB&quot;, leagueCode: &quot;BBSL&quot;)" computerName="Evrens-MacBook-Pro-2" duration="00:00:00.0005241" startTime="2026-04-11T15:01:06.2667830+02:00" endTime="2026-04-11T15:01:06.2672370+02:00" testType="13cdc9d9-ddb5-4fa4-a97d-d965ccfc6d4b" outcome="Passed" testListId="8c84fa94-04c1-424b-9868-57a2d4851a1d" relativeResultsDirectory="86e0b6fb-4700-4605-8691-913e195a1802" />
    <UnitTestResult executionId="48da9fb5-6a1f-4526-ae3d-f552346dad95" testId="60752eef-979e-220d-d0ac-4b88f164be42" testName="VolleyballScraper.Tests.Services.StandingsScraperServiceTests.GetCompetitionsAsync_ShouldReturnCachedResults_WhenCacheHit(seasonId: &quot;2023-2024&quot;, category: &quot;YK&quot;, leagueCode: &quot;YK1L&quot;)" computerName="Evrens-MacBook-Pro-2" duration="00:00:00.0008378" startTime="2026-04-11T15:01:06.2659500+02:00" endTime="2026-04-11T15:01:06.2666930+02:00" testType="13cdc9d9-ddb5-4fa4-a97d-d965ccfc6d4b" outcome="Passed" testListId="8c84fa94-04c1-424b-9868-57a2d4851a1d" relativeResultsDirectory="48da9fb5-6a1f-4526-ae3d-f552346dad95" />
    <UnitTestResult executionId="3362e0ef-3c5d-46d4-83bd-c380c84c65f0" testId="b08bca67-4b26-435b-3c91-d062b5001c78" testName="VolleyballScraper.Tests.Integration.StandingsApiIntegrationTests.GetCompetitions_ShouldHandleInvalidSeasons(seasonId: &quot;invalid-season&quot;)" computerName="Evrens-MacBook-Pro-2" duration="00:00:00.5129819" startTime="2026-04-11T15:01:09.3268650+02:00" endTime="2026-04-11T15:01:09.8399390+02:00" testType="13cdc9d9-ddb5-4fa4-a97d-d965ccfc6d4b" outcome="Passed" testListId="8c84fa94-04c1-424b-9868-57a2d4851a1d" relativeResultsDirectory="3362e0ef-3c5d-46d4-83bd-c380c84c65f0" />
    <UnitTestResult executionId="09b78e95-7109-4602-97e3-756b4df7f7fe" testId="d31e6825-8ea0-279f-c17e-e41efc5a4e1a" testName="VolleyballScraper.Tests.Controllers.StandingsControllerTests.GetCompetitions_ShouldReturnOkResult_WithValidRequest" computerName="Evrens-MacBook-Pro-2" duration="00:00:00.0253830" startTime="2026-04-11T15:01:04.8129350+02:00" endTime="2026-04-11T15:01:04.8383940+02:00" testType="13cdc9d9-ddb5-4fa4-a97d-d965ccfc6d4b" outcome="Failed" testListId="8c84fa94-04c1-424b-9868-57a2d4851a1d" relativeResultsDirectory="09b78e95-7109-4602-97e3-756b4df7f7fe">
      <Output>
        <ErrorInfo>
          <Message>Expected okResult!.Value to be a collection, but it was a &lt;&gt;f__AnonymousType11`5[System.String,System.String,System.String,System.Int32,System.Collections.Generic.List`1[VolleyballScraper.Api.Models.Standings.Competition]]

With configuration:
- Prefer the declared type of the members
- Compare enums by value
- Compare tuples by their properties
- Compare anonymous types by their properties
- Compare records by their members
- Include non-browsable members
- Match (JSON) member by name (or throw)
- Be strict about the order of items in byte arrays
- Without automatic conversion
</Message>
          <StackTrace>   at FluentAssertions.Primitives.ObjectAssertions`2.BeEquivalentTo[TExpectation](TExpectation expectation, Func`2 config, String because, Object[] becauseArgs)
   at FluentAssertions.Primitives.ObjectAssertions`2.BeEquivalentTo[TExpectation](TExpectation expectation, String because, Object[] becauseArgs)
   at VolleyballScraper.Tests.Controllers.StandingsControllerTests.GetCompetitions_ShouldReturnOkResult_WithValidRequest() in /Users/evrenyeniev/Projects/www/goztepe-volleyball-scraper/backend/VolleyballScraper.Tests/Controllers/StandingsControllerTests.cs:line 56
--- End of stack trace from previous location ---</StackTrace>
        </ErrorInfo>
      </Output>
    </UnitTestResult>
    <UnitTestResult executionId="0dc14e22-4c39-47cb-af14-66f552bb2772" testId="cdf14b70-9f29-4ea6-c61c-cac6b700dbf5" testName="VolleyballScraper.Tests.Integration.StandingsApiIntegrationTests.GetCompetitions_ShouldHandleInvalidSeasons(seasonId: &quot;&quot;)" computerName="Evrens-MacBook-Pro-2" duration="00:00:00.0019213" startTime="2026-04-11T15:01:09.8400620+02:00" endTime="2026-04-11T15:01:09.8420920+02:00" testType="13cdc9d9-ddb5-4fa4-a97d-d965ccfc6d4b" outcome="Passed" testListId="8c84fa94-04c1-424b-9868-57a2d4851a1d" relativeResultsDirectory="0dc14e22-4c39-47cb-af14-66f552bb2772" />
    <UnitTestResult executionId="2ac74edb-5221-4d54-a888-54eb57a3a208" testId="f8b7538d-4dc9-de3e-0f8d-00e8afb8a753" testName="VolleyballScraper.Tests.Controllers.StandingsControllerTests.GetStandings_ShouldReturnOkResult_WithValidRequest" computerName="Evrens-MacBook-Pro-2" duration="00:00:00.0014686" startTime="2026-04-11T15:01:04.8537100+02:00" endTime="2026-04-11T15:01:04.8537550+02:00" testType="13cdc9d9-ddb5-4fa4-a97d-d965ccfc6d4b" outcome="Passed" testListId="8c84fa94-04c1-424b-9868-57a2d4851a1d" relativeResultsDirectory="2ac74edb-5221-4d54-a888-54eb57a3a208" />
    <UnitTestResult executionId="8057cc5a-8a57-4a82-a0db-56d226d7ab3e" testId="25ca0231-3fb1-9dda-8e4c-cb49153765f4" testName="VolleyballScraper.Tests.Controllers.StandingsControllerTests.GetStandings_ShouldReturnBadRequest_WhenRequiredFieldsMissing(seasonId: &quot;&quot;, category: &quot;GK&quot;, leagueCode: &quot;GKSL&quot;, competitionName: &quot;comp&quot;)" computerName="Evrens-MacBook-Pro-2" duration="00:00:00.0014847" startTime="2026-04-11T15:01:04.8111210+02:00" endTime="2026-04-11T15:01:04.8120900+02:00" testType="13cdc9d9-ddb5-4fa4-a97d-d965ccfc6d4b" outcome="Failed" testListId="8c84fa94-04c1-424b-9868-57a2d4851a1d" relativeResultsDirectory="8057cc5a-8a57-4a82-a0db-56d226d7ab3e">
      <Output>
        <ErrorInfo>
          <Message>System.NullReferenceException : Object reference not set to an instance of an object.</Message>
          <StackTrace>   at VolleyballScraper.Api.Controllers.StandingsController.GetStandings(StandingsRequest request) in /Users/evrenyeniev/Projects/www/goztepe-volleyball-scraper/backend/VolleyballScraper.Api/Controllers/StandingsController.cs:line 106
   at VolleyballScraper.Tests.Controllers.StandingsControllerTests.GetStandings_ShouldReturnBadRequest_WhenRequiredFieldsMissing(String seasonId, String category, String leagueCode, String competitionName) in /Users/evrenyeniev/Projects/www/goztepe-volleyball-scraper/backend/VolleyballScraper.Tests/Controllers/StandingsControllerTests.cs:line 160
--- End of stack trace from previous location ---</StackTrace>
        </ErrorInfo>
      </Output>
    </UnitTestResult>
    <UnitTestResult executionId="38d85885-5fb0-414f-8881-fea42b7e0e61" testId="9eed9f0b-3f56-b27d-6393-b09377e390c8" testName="VolleyballScraper.Tests.Services.StandingsScraperServiceTests.GetCompetitionsAsync_ShouldReturnCachedResults_WhenCacheHit(seasonId: &quot;2025-2026&quot;, category: &quot;GK&quot;, leagueCode: &quot;GKSL&quot;)" computerName="Evrens-MacBook-Pro-2" duration="00:00:00.0051192" startTime="2026-04-11T15:01:06.2608690+02:00" endTime="2026-04-11T15:01:06.2658180+02:00" testType="13cdc9d9-ddb5-4fa4-a97d-d965ccfc6d4b" outcome="Passed" testListId="8c84fa94-04c1-424b-9868-57a2d4851a1d" relativeResultsDirectory="38d85885-5fb0-414f-8881-fea42b7e0e61" />
    <UnitTestResult executionId="8a2d530b-3ee0-4d28-b32e-a0d4726178bd" testId="76bf40ca-89ff-9877-50f4-b62ec57b48ce" testName="VolleyballScraper.Tests.Integration.StandingsApiIntegrationTests.GetCompetitions_ShouldReturn200_WithValidRequest" computerName="Evrens-MacBook-Pro-2" duration="00:00:00.0020521" startTime="2026-04-11T15:01:09.8449500+02:00" endTime="2026-04-11T15:01:09.8472260+02:00" testType="13cdc9d9-ddb5-4fa4-a97d-d965ccfc6d4b" outcome="Failed" testListId="8c84fa94-04c1-424b-9868-57a2d4851a1d" relativeResultsDirectory="8a2d530b-3ee0-4d28-b32e-a0d4726178bd">
      <Output>
        <ErrorInfo>
          <Message>Expected response.StatusCode to be HttpStatusCode.BadRequest {value: 400}, but found HttpStatusCode.OK {value: 200}.</Message>
          <StackTrace>   at FluentAssertions.Primitives.EnumAssertions`2.Be(TEnum expected, String because, Object[] becauseArgs)
   at VolleyballScraper.Tests.Integration.StandingsApiIntegrationTests.GetCompetitions_ShouldReturn200_WithValidRequest() in /Users/evrenyeniev/Projects/www/goztepe-volleyball-scraper/backend/VolleyballScraper.Tests/Integration/StandingsApiIntegrationTests.cs:line 70
--- End of stack trace from previous location ---</StackTrace>
        </ErrorInfo>
      </Output>
    </UnitTestResult>
    <UnitTestResult executionId="e7e71890-06b3-46f2-9da5-4dcba57c2c5a" testId="4c7cc9ee-ff67-cbc5-4277-95fcd26f3768" testName="VolleyballScraper.Tests.Integration.StandingsApiIntegrationTests.GetCompetitions_ShouldHandleInvalidSeasons(seasonId: &quot;2020-2021&quot;)" computerName="Evrens-MacBook-Pro-2" duration="00:00:00.5128300" startTime="2026-04-11T15:01:08.8139110+02:00" endTime="2026-04-11T15:01:09.3267270+02:00" testType="13cdc9d9-ddb5-4fa4-a97d-d965ccfc6d4b" outcome="Passed" testListId="8c84fa94-04c1-424b-9868-57a2d4851a1d" relativeResultsDirectory="e7e71890-06b3-46f2-9da5-4dcba57c2c5a" />
    <UnitTestResult executionId="72003992-f0ae-40b1-8334-5ad51370bb1b" testId="c22e91ed-b701-d945-e997-68f3e13ff9e2" testName="VolleyballScraper.Tests.Controllers.StandingsControllerTests.GetStandings_ShouldReturnBadRequest_WhenRequiredFieldsMissing(seasonId: &quot;2025&quot;, category: &quot;GK&quot;, leagueCode: &quot;&quot;, competitionName: &quot;comp&quot;)" computerName="Evrens-MacBook-Pro-2" duration="00:00:00.0000232" startTime="2026-04-11T15:01:04.8127380+02:00" endTime="2026-04-11T15:01:04.8127690+02:00" testType="13cdc9d9-ddb5-4fa4-a97d-d965ccfc6d4b" outcome="Passed" testListId="8c84fa94-04c1-424b-9868-57a2d4851a1d" relativeResultsDirectory="72003992-f0ae-40b1-8334-5ad51370bb1b" />
    <UnitTestResult executionId="0d7dbd13-544b-423a-93a9-2cabf7f57938" testId="cc15c092-c826-0184-18fb-19fcf64de139" testName="VolleyballScraper.Tests.Services.StandingsScraperServiceTests.GetCompetitionsAsync_ShouldReturnEmptyList_WhenCacheMissAndHttpFails" computerName="Evrens-MacBook-Pro-2" duration="00:00:00.7149273" startTime="2026-04-11T15:01:06.2673330+02:00" endTime="2026-04-11T15:01:06.9828380+02:00" testType="13cdc9d9-ddb5-4fa4-a97d-d965ccfc6d4b" outcome="Failed" testListId="8c84fa94-04c1-424b-9868-57a2d4851a1d" relativeResultsDirectory="0d7dbd13-544b-423a-93a9-2cabf7f57938">
      <Output>
        <ErrorInfo>
          <Message>Expected a &lt;System.Exception&gt; to be thrown, but no exception was thrown.</Message>
          <StackTrace>   at FluentAssertions.Specialized.DelegateAssertionsBase`2.&lt;&gt;c__DisplayClass8_0`1.&lt;ThrowInternal&gt;b__0(AssertionChain chain)
   at FluentAssertions.Specialized.DelegateAssertionsBase`2.ThrowInternal[TException](Exception exception, String because, Object[] becauseArgs)
   at FluentAssertions.Specialized.AsyncFunctionAssertions`2.ThrowAsync[TException](String because, Object[] becauseArgs)
   at VolleyballScraper.Tests.Services.StandingsScraperServiceTests.GetCompetitionsAsync_ShouldReturnEmptyList_WhenCacheMissAndHttpFails() in /Users/evrenyeniev/Projects/www/goztepe-volleyball-scraper/backend/VolleyballScraper.Tests/Services/StandingsScraperServiceTests.cs:line 92
--- End of stack trace from previous location ---</StackTrace>
        </ErrorInfo>
      </Output>
    </UnitTestResult>
    <UnitTestResult executionId="e3dcf949-bb18-4933-b14b-43e96487e22a" testId="358389d7-780a-3e63-d862-cf475743d353" testName="VolleyballScraper.Tests.Integration.StandingsApiIntegrationTests.GetStandings_ShouldReturn200_WithValidRequest" computerName="Evrens-MacBook-Pro-2" duration="00:00:00.0025605" startTime="2026-04-11T15:01:09.8422230+02:00" endTime="2026-04-11T15:01:09.8448380+02:00" testType="13cdc9d9-ddb5-4fa4-a97d-d965ccfc6d4b" outcome="Passed" testListId="8c84fa94-04c1-424b-9868-57a2d4851a1d" relativeResultsDirectory="e3dcf949-bb18-4933-b14b-43e96487e22a" />
    <UnitTestResult executionId="6b1fce83-2984-4f7b-80a4-8142fa884198" testId="301d1fc8-0345-2d8b-cf30-e45e713e81e7" testName="VolleyballScraper.Tests.Integration.StandingsApiIntegrationTests.GetStandings_ShouldReturn400_WithInvalidCompetitionName" computerName="Evrens-MacBook-Pro-2" duration="00:00:01.1201676" startTime="2026-04-11T15:01:04.7466720+02:00" endTime="2026-04-11T15:01:05.8675900+02:00" testType="13cdc9d9-ddb5-4fa4-a97d-d965ccfc6d4b" outcome="Passed" testListId="8c84fa94-04c1-424b-9868-57a2d4851a1d" relativeResultsDirectory="6b1fce83-2984-4f7b-80a4-8142fa884198" />
    <UnitTestResult executionId="ef19c98d-a062-4327-b324-8be7f3481472" testId="f2f6e1f0-569e-a1f8-6de6-11d184ce34ce" testName="VolleyballScraper.Tests.Services.StandingsScraperServiceTests.GetCompetitionsAsync_ShouldHandleInvalidInput_WhenSeasonIdInvalid(invalidSeasonId: &quot;   &quot;)" computerName="Evrens-MacBook-Pro-2" duration="00:00:00.7989420" startTime="2026-04-11T15:01:04.7458730+02:00" endTime="2026-04-11T15:01:05.5486870+02:00" testType="13cdc9d9-ddb5-4fa4-a97d-d965ccfc6d4b" outcome="Passed" testListId="8c84fa94-04c1-424b-9868-57a2d4851a1d" relativeResultsDirectory="ef19c98d-a062-4327-b324-8be7f3481472" />
    <UnitTestResult executionId="3b344169-ccbf-4540-acd4-214ba6f8deb9" testId="73dff34b-c674-4221-c40c-49ad34cc2980" testName="VolleyballScraper.Tests.Controllers.StandingsControllerTests.GetStandings_ShouldReturnBadRequest_WhenRequiredFieldsMissing(seasonId: &quot;2025&quot;, category: &quot;GK&quot;, leagueCode: &quot;GKSL&quot;, competitionName: &quot;&quot;)" computerName="Evrens-MacBook-Pro-2" duration="00:00:00.0101717" startTime="2026-04-11T15:01:04.8093040+02:00" endTime="2026-04-11T15:01:04.8103850+02:00" testType="13cdc9d9-ddb5-4fa4-a97d-d965ccfc6d4b" outcome="Passed" testListId="8c84fa94-04c1-424b-9868-57a2d4851a1d" relativeResultsDirectory="3b344169-ccbf-4540-acd4-214ba6f8deb9" />
    <UnitTestResult executionId="6a7a3def-c661-4b06-9561-a660b90b59ee" testId="d3f0666a-a054-3f46-244b-09b73a13c2d7" testName="VolleyballScraper.Tests.Services.StandingsScraperServiceTests.GetCompetitionsAsync_ShouldHandleInvalidInput_WhenSeasonIdInvalid(invalidSeasonId: &quot;&quot;)" computerName="Evrens-MacBook-Pro-2" duration="00:00:00.7114547" startTime="2026-04-11T15:01:05.5489820+02:00" endTime="2026-04-11T15:01:06.2606230+02:00" testType="13cdc9d9-ddb5-4fa4-a97d-d965ccfc6d4b" outcome="Passed" testListId="8c84fa94-04c1-424b-9868-57a2d4851a1d" relativeResultsDirectory="6a7a3def-c661-4b06-9561-a660b90b59ee" />
    <UnitTestResult executionId="8451181f-9191-4f3e-999d-5e29e407178e" testId="6d39b852-ae53-0be4-a43f-6b03079b58d4" testName="VolleyballScraper.Tests.Controllers.StandingsControllerTests.GetCompetitions_ShouldReturnBadRequest_WhenModelStateInvalid" computerName="Evrens-MacBook-Pro-2" duration="00:00:00.0006408" startTime="2026-04-11T15:01:04.8128530+02:00" endTime="2026-04-11T15:01:04.8128760+02:00" testType="13cdc9d9-ddb5-4fa4-a97d-d965ccfc6d4b" outcome="Passed" testListId="8c84fa94-04c1-424b-9868-57a2d4851a1d" relativeResultsDirectory="8451181f-9191-4f3e-999d-5e29e407178e" />
    <UnitTestResult executionId="1f48ce44-b65e-41de-84d9-47328c66236b" testId="b95c3201-b019-460a-ede9-eef502f008b8" testName="VolleyballScraper.Tests.Controllers.StandingsControllerTests.GetStandings_ShouldReturnInternalServerError_WhenServiceThrows" computerName="Evrens-MacBook-Pro-2" duration="00:00:00.0448393" startTime="2026-04-11T15:01:04.7466940+02:00" endTime="2026-04-11T15:01:04.8000440+02:00" testType="13cdc9d9-ddb5-4fa4-a97d-d965ccfc6d4b" outcome="Failed" testListId="8c84fa94-04c1-424b-9868-57a2d4851a1d" relativeResultsDirectory="1f48ce44-b65e-41de-84d9-47328c66236b">
      <Output>
        <ErrorInfo>
          <Message>System.Exception : Service error</Message>
          <StackTrace>   at VolleyballScraper.Api.Controllers.StandingsController.GetStandings(StandingsRequest request) in /Users/evrenyeniev/Projects/www/goztepe-volleyball-scraper/backend/VolleyballScraper.Api/Controllers/StandingsController.cs:line 104
   at VolleyballScraper.Tests.Controllers.StandingsControllerTests.GetStandings_ShouldReturnInternalServerError_WhenServiceThrows() in /Users/evrenyeniev/Projects/www/goztepe-volleyball-scraper/backend/VolleyballScraper.Tests/Controllers/StandingsControllerTests.cs:line 182
--- End of stack trace from previous location ---</StackTrace>
        </ErrorInfo>
      </Output>
    </UnitTestResult>
    <UnitTestResult executionId="e04fc564-dc5d-4336-814e-039f519ed7a0" testId="58884c02-51bc-d757-4575-c88583727178" testName="VolleyballScraper.Tests.Controllers.StandingsControllerTests.GetStandings_ShouldReturnBadRequest_WhenRequiredFieldsMissing(seasonId: &quot;2025&quot;, category: &quot;&quot;, leagueCode: &quot;GKSL&quot;, competitionName: &quot;comp&quot;)" computerName="Evrens-MacBook-Pro-2" duration="00:00:00.0001607" startTime="2026-04-11T15:01:04.8109960+02:00" endTime="2026-04-11T15:01:04.8110300+02:00" testType="13cdc9d9-ddb5-4fa4-a97d-d965ccfc6d4b" outcome="Passed" testListId="8c84fa94-04c1-424b-9868-57a2d4851a1d" relativeResultsDirectory="e04fc564-dc5d-4336-814e-039f519ed7a0" />
  </Results>
  <TestDefinitions>
    <UnitTest name="VolleyballScraper.Tests.Services.StandingsScraperServiceTests.GetCompetitionsAsync_ShouldHandleInvalidInput_WhenSeasonIdInvalid(invalidSeasonId: &quot;&quot;)" storage="/users/evrenyeniev/projects/www/goztepe-volleyball-scraper/backend/volleyballscraper.tests/bin/debug/net10.0/volleyballscraper.tests.dll" id="d3f0666a-a054-3f46-244b-09b73a13c2d7">
      <Execution id="6a7a3def-c661-4b06-9561-a660b90b59ee" />
      <TestMethod codeBase="/Users/evrenyeniev/Projects/www/goztepe-volleyball-scraper/backend/VolleyballScraper.Tests/bin/Debug/net10.0/VolleyballScraper.Tests.dll" adapterTypeName="executor://xunit/VsTestRunner3/netcore/" className="VolleyballScraper.Tests.Services.StandingsScraperServiceTests" name="GetCompetitionsAsync_ShouldHandleInvalidInput_WhenSeasonIdInvalid" />
    </UnitTest>
    <UnitTest name="VolleyballScraper.Tests.Integration.StandingsApiIntegrationTests.GetStandings_ShouldReturn400_WithInvalidCompetitionName" storage="/users/evrenyeniev/projects/www/goztepe-volleyball-scraper/backend/volleyballscraper.tests/bin/debug/net10.0/volleyballscraper.tests.dll" id="301d1fc8-0345-2d8b-cf30-e45e713e81e7">
      <Execution id="6b1fce83-2984-4f7b-80a4-8142fa884198" />
      <TestMethod codeBase="/Users/evrenyeniev/Projects/www/goztepe-volleyball-scraper/backend/VolleyballScraper.Tests/bin/Debug/net10.0/VolleyballScraper.Tests.dll" adapterTypeName="executor://xunit/VsTestRunner3/netcore/" className="VolleyballScraper.Tests.Integration.StandingsApiIntegrationTests" name="GetStandings_ShouldReturn400_WithInvalidCompetitionName" />
    </UnitTest>
    <UnitTest name="VolleyballScraper.Tests.Controllers.StandingsControllerTests.GetStandings_ShouldReturnBadRequest_WhenRequiredFieldsMissing(seasonId: &quot;2025&quot;, category: &quot;GK&quot;, leagueCode: &quot;GKSL&quot;, competitionName: &quot;&quot;)" storage="/users/evrenyeniev/projects/www/goztepe-volleyball-scraper/backend/volleyballscraper.tests/bin/debug/net10.0/volleyballscraper.tests.dll" id="73dff34b-c674-4221-c40c-49ad34cc2980">
      <Execution id="3b344169-ccbf-4540-acd4-214ba6f8deb9" />
      <TestMethod codeBase="/Users/evrenyeniev/Projects/www/goztepe-volleyball-scraper/backend/VolleyballScraper.Tests/bin/Debug/net10.0/VolleyballScraper.Tests.dll" adapterTypeName="executor://xunit/VsTestRunner3/netcore/" className="VolleyballScraper.Tests.Controllers.StandingsControllerTests" name="GetStandings_ShouldReturnBadRequest_WhenRequiredFieldsMissing" />
    </UnitTest>
    <UnitTest name="VolleyballScraper.Tests.Integration.StandingsApiIntegrationTests.GetCompetitions_ShouldHandleInvalidSeasons(seasonId: &quot;2020-2021&quot;)" storage="/users/evrenyeniev/projects/www/goztepe-volleyball-scraper/backend/volleyballscraper.tests/bin/debug/net10.0/volleyballscraper.tests.dll" id="4c7cc9ee-ff67-cbc5-4277-95fcd26f3768">
      <Execution id="e7e71890-06b3-46f2-9da5-4dcba57c2c5a" />
      <TestMethod codeBase="/Users/evrenyeniev/Projects/www/goztepe-volleyball-scraper/backend/VolleyballScraper.Tests/bin/Debug/net10.0/VolleyballScraper.Tests.dll" adapterTypeName="executor://xunit/VsTestRunner3/netcore/" className="VolleyballScraper.Tests.Integration.StandingsApiIntegrationTests" name="GetCompetitions_ShouldHandleInvalidSeasons" />
    </UnitTest>
    <UnitTest name="VolleyballScraper.Tests.Integration.StandingsApiIntegrationTests.GetCompetitions_ShouldReturn200_WithValidRequest" storage="/users/evrenyeniev/projects/www/goztepe-volleyball-scraper/backend/volleyballscraper.tests/bin/debug/net10.0/volleyballscraper.tests.dll" id="76bf40ca-89ff-9877-50f4-b62ec57b48ce">
      <Execution id="8a2d530b-3ee0-4d28-b32e-a0d4726178bd" />
      <TestMethod codeBase="/Users/evrenyeniev/Projects/www/goztepe-volleyball-scraper/backend/VolleyballScraper.Tests/bin/Debug/net10.0/VolleyballScraper.Tests.dll" adapterTypeName="executor://xunit/VsTestRunner3/netcore/" className="VolleyballScraper.Tests.Integration.StandingsApiIntegrationTests" name="GetCompetitions_ShouldReturn200_WithValidRequest" />
    </UnitTest>
    <UnitTest name="VolleyballScraper.Tests.Controllers.StandingsControllerTests.GetStandings_ShouldReturnBadRequest_WhenRequiredFieldsMissing(seasonId: &quot;&quot;, category: &quot;GK&quot;, leagueCode: &quot;GKSL&quot;, competitionName: &quot;comp&quot;)" storage="/users/evrenyeniev/projects/www/goztepe-volleyball-scraper/backend/volleyballscraper.tests/bin/debug/net10.0/volleyballscraper.tests.dll" id="25ca0231-3fb1-9dda-8e4c-cb49153765f4">
      <Execution id="8057cc5a-8a57-4a82-a0db-56d226d7ab3e" />
      <TestMethod codeBase="/Users/evrenyeniev/Projects/www/goztepe-volleyball-scraper/backend/VolleyballScraper.Tests/bin/Debug/net10.0/VolleyballScraper.Tests.dll" adapterTypeName="executor://xunit/VsTestRunner3/netcore/" className="VolleyballScraper.Tests.Controllers.StandingsControllerTests" name="GetStandings_ShouldReturnBadRequest_WhenRequiredFieldsMissing" />
    </UnitTest>
    <UnitTest name="VolleyballScraper.Tests.Integration.StandingsApiIntegrationTests.GetStandings_ShouldReturn200_WithValidRequest" storage="/users/evrenyeniev/projects/www/goztepe-volleyball-scraper/backend/volleyballscraper.tests/bin/debug/net10.0/volleyballscraper.tests.dll" id="358389d7-780a-3e63-d862-cf475743d353">
      <Execution id="e3dcf949-bb18-4933-b14b-43e96487e22a" />
      <TestMethod codeBase="/Users/evrenyeniev/Projects/www/goztepe-volleyball-scraper/backend/VolleyballScraper.Tests/bin/Debug/net10.0/VolleyballScraper.Tests.dll" adapterTypeName="executor://xunit/VsTestRunner3/netcore/" className="VolleyballScraper.Tests.Integration.StandingsApiIntegrationTests" name="GetStandings_ShouldReturn200_WithValidRequest" />
    </UnitTest>
    <UnitTest name="VolleyballScraper.Tests.Controllers.StandingsControllerTests.GetCompetitions_ShouldReturnOkResult_WithValidRequest" storage="/users/evrenyeniev/projects/www/goztepe-volleyball-scraper/backend/volleyballscraper.tests/bin/debug/net10.0/volleyballscraper.tests.dll" id="d31e6825-8ea0-279f-c17e-e41efc5a4e1a">
      <Execution id="09b78e95-7109-4602-97e3-756b4df7f7fe" />
      <TestMethod codeBase="/Users/evrenyeniev/Projects/www/goztepe-volleyball-scraper/backend/VolleyballScraper.Tests/bin/Debug/net10.0/VolleyballScraper.Tests.dll" adapterTypeName="executor://xunit/VsTestRunner3/netcore/" className="VolleyballScraper.Tests.Controllers.StandingsControllerTests" name="GetCompetitions_ShouldReturnOkResult_WithValidRequest" />
    </UnitTest>
    <UnitTest name="VolleyballScraper.Tests.Controllers.StandingsControllerTests.GetCompetitions_ShouldReturnBadRequest_WhenModelStateInvalid" storage="/users/evrenyeniev/projects/www/goztepe-volleyball-scraper/backend/volleyballscraper.tests/bin/debug/net10.0/volleyballscraper.tests.dll" id="6d39b852-ae53-0be4-a43f-6b03079b58d4">
      <Execution id="8451181f-9191-4f3e-999d-5e29e407178e" />
      <TestMethod codeBase="/Users/evrenyeniev/Projects/www/goztepe-volleyball-scraper/backend/VolleyballScraper.Tests/bin/Debug/net10.0/VolleyballScraper.Tests.dll" adapterTypeName="executor://xunit/VsTestRunner3/netcore/" className="VolleyballScraper.Tests.Controllers.StandingsControllerTests" name="GetCompetitions_ShouldReturnBadRequest_WhenModelStateInvalid" />
    </UnitTest>
    <UnitTest name="VolleyballScraper.Tests.Controllers.StandingsControllerTests.GetStandings_ShouldReturnBadRequest_WhenRequiredFieldsMissing(seasonId: &quot;2025&quot;, category: &quot;GK&quot;, leagueCode: &quot;&quot;, competitionName: &quot;comp&quot;)" storage="/users/evrenyeniev/projects/www/goztepe-volleyball-scraper/backend/volleyballscraper.tests/bin/debug/net10.0/volleyballscraper.tests.dll" id="c22e91ed-b701-d945-e997-68f3e13ff9e2">
      <Execution id="72003992-f0ae-40b1-8334-5ad51370bb1b" />
      <TestMethod codeBase="/Users/evrenyeniev/Projects/www/goztepe-volleyball-scraper/backend/VolleyballScraper.Tests/bin/Debug/net10.0/VolleyballScraper.Tests.dll" adapterTypeName="executor://xunit/VsTestRunner3/netcore/" className="VolleyballScraper.Tests.Controllers.StandingsControllerTests" name="GetStandings_ShouldReturnBadRequest_WhenRequiredFieldsMissing" />
    </UnitTest>
    <UnitTest name="VolleyballScraper.Tests.Services.StandingsScraperServiceTests.GetCompetitionsAsync_ShouldReturnCachedResults_WhenCacheHit(seasonId: &quot;2024-2025&quot;, category: &quot;BB&quot;, leagueCode: &quot;BBSL&quot;)" storage="/users/evrenyeniev/projects/www/goztepe-volleyball-scraper/backend/volleyballscraper.tests/bin/debug/net10.0/volleyballscraper.tests.dll" id="74f22482-e31a-3bd1-3aad-553dc84c41fe">
      <Execution id="86e0b6fb-4700-4605-8691-913e195a1802" />
      <TestMethod codeBase="/Users/evrenyeniev/Projects/www/goztepe-volleyball-scraper/backend/VolleyballScraper.Tests/bin/Debug/net10.0/VolleyballScraper.Tests.dll" adapterTypeName="executor://xunit/VsTestRunner3/netcore/" className="VolleyballScraper.Tests.Services.StandingsScraperServiceTests" name="GetCompetitionsAsync_ShouldReturnCachedResults_WhenCacheHit" />
    </UnitTest>
    <UnitTest name="VolleyballScraper.Tests.Services.StandingsScraperServiceTests.GetCompetitionsAsync_ShouldReturnEmptyList_WhenCacheMissAndHttpFails" storage="/users/evrenyeniev/projects/www/goztepe-volleyball-scraper/backend/volleyballscraper.tests/bin/debug/net10.0/volleyballscraper.tests.dll" id="cc15c092-c826-0184-18fb-19fcf64de139">
      <Execution id="0d7dbd13-544b-423a-93a9-2cabf7f57938" />
      <TestMethod codeBase="/Users/evrenyeniev/Projects/www/goztepe-volleyball-scraper/backend/VolleyballScraper.Tests/bin/Debug/net10.0/VolleyballScraper.Tests.dll" adapterTypeName="executor://xunit/VsTestRunner3/netcore/" className="VolleyballScraper.Tests.Services.StandingsScraperServiceTests" name="GetCompetitionsAsync_ShouldReturnEmptyList_WhenCacheMissAndHttpFails" />
    </UnitTest>
    <UnitTest name="VolleyballScraper.Tests.Services.StandingsScraperServiceTests.GetCompetitionsAsync_ShouldHandleInvalidInput_WhenSeasonIdInvalid(invalidSeasonId: &quot;   &quot;)" storage="/users/evrenyeniev/projects/www/goztepe-volleyball-scraper/backend/volleyballscraper.tests/bin/debug/net10.0/volleyballscraper.tests.dll" id="f2f6e1f0-569e-a1f8-6de6-11d184ce34ce">
      <Execution id="ef19c98d-a062-4327-b324-8be7f3481472" />
      <TestMethod codeBase="/Users/evrenyeniev/Projects/www/goztepe-volleyball-scraper/backend/VolleyballScraper.Tests/bin/Debug/net10.0/VolleyballScraper.Tests.dll" adapterTypeName="executor://xunit/VsTestRunner3/netcore/" className="VolleyballScraper.Tests.Services.StandingsScraperServiceTests" name="GetCompetitionsAsync_ShouldHandleInvalidInput_WhenSeasonIdInvalid" />
    </UnitTest>
    <UnitTest name="VolleyballScraper.Tests.Services.StandingsScraperServiceTests.GetCompetitionsAsync_ShouldReturnCachedResults_WhenCacheHit(seasonId: &quot;2025-2026&quot;, category: &quot;GK&quot;, leagueCode: &quot;GKSL&quot;)" storage="/users/evrenyeniev/projects/www/goztepe-volleyball-scraper/backend/volleyballscraper.tests/bin/debug/net10.0/volleyballscraper.tests.dll" id="9eed9f0b-3f56-b27d-6393-b09377e390c8">
      <Execution id="38d85885-5fb0-414f-8881-fea42b7e0e61" />
      <TestMethod codeBase="/Users/evrenyeniev/Projects/www/goztepe-volleyball-scraper/backend/VolleyballScraper.Tests/bin/Debug/net10.0/VolleyballScraper.Tests.dll" adapterTypeName="executor://xunit/VsTestRunner3/netcore/" className="VolleyballScraper.Tests.Services.StandingsScraperServiceTests" name="GetCompetitionsAsync_ShouldReturnCachedResults_WhenCacheHit" />
    </UnitTest>
    <UnitTest name="VolleyballScraper.Tests.Services.StandingsScraperServiceTests.GetCompetitionsAsync_ShouldReturnCachedResults_WhenCacheHit(seasonId: &quot;2023-2024&quot;, category: &quot;YK&quot;, leagueCode: &quot;YK1L&quot;)" storage="/users/evrenyeniev/projects/www/goztepe-volleyball-scraper/backend/volleyballscraper.tests/bin/debug/net10.0/volleyballscraper.tests.dll" id="60752eef-979e-220d-d0ac-4b88f164be42">
      <Execution id="48da9fb5-6a1f-4526-ae3d-f552346dad95" />
      <TestMethod codeBase="/Users/evrenyeniev/Projects/www/goztepe-volleyball-scraper/backend/VolleyballScraper.Tests/bin/Debug/net10.0/VolleyballScraper.Tests.dll" adapterTypeName="executor://xunit/VsTestRunner3/netcore/" className="VolleyballScraper.Tests.Services.StandingsScraperServiceTests" name="GetCompetitionsAsync_ShouldReturnCachedResults_WhenCacheHit" />
    </UnitTest>
    <UnitTest name="VolleyballScraper.Tests.Integration.StandingsApiIntegrationTests.GetCompetitions_ShouldHandleInvalidSeasons(seasonId: &quot;&quot;)" storage="/users/evrenyeniev/projects/www/goztepe-volleyball-scraper/backend/volleyballscraper.tests/bin/debug/net10.0/volleyballscraper.tests.dll" id="cdf14b70-9f29-4ea6-c61c-cac6b700dbf5">
      <Execution id="0dc14e22-4c39-47cb-af14-66f552bb2772" />
      <TestMethod codeBase="/Users/evrenyeniev/Projects/www/goztepe-volleyball-scraper/backend/VolleyballScraper.Tests/bin/Debug/net10.0/VolleyballScraper.Tests.dll" adapterTypeName="executor://xunit/VsTestRunner3/netcore/" className="VolleyballScraper.Tests.Integration.StandingsApiIntegrationTests" name="GetCompetitions_ShouldHandleInvalidSeasons" />
    </UnitTest>
    <UnitTest name="VolleyballScraper.Tests.Integration.StandingsApiIntegrationTests.GetCompetitions_ShouldHandleInvalidSeasons(seasonId: &quot;invalid-season&quot;)" storage="/users/evrenyeniev/projects/www/goztepe-volleyball-scraper/backend/volleyballscraper.tests/bin/debug/net10.0/volleyballscraper.tests.dll" id="b08bca67-4b26-435b-3c91-d062b5001c78">
      <Execution id="3362e0ef-3c5d-46d4-83bd-c380c84c65f0" />
      <TestMethod codeBase="/Users/evrenyeniev/Projects/www/goztepe-volleyball-scraper/backend/VolleyballScraper.Tests/bin/Debug/net10.0/VolleyballScraper.Tests.dll" adapterTypeName="executor://xunit/VsTestRunner3/netcore/" className="VolleyballScraper.Tests.Integration.StandingsApiIntegrationTests" name="GetCompetitions_ShouldHandleInvalidSeasons" />
    </UnitTest>
    <UnitTest name="VolleyballScraper.Tests.Integration.StandingsApiIntegrationTests.Api_ShouldReturnGoztepeData_WhenGoztepeExists" storage="/users/evrenyeniev/projects/www/goztepe-volleyball-scraper/backend/volleyballscraper.tests/bin/debug/net10.0/volleyballscraper.tests.dll" id="f824d80b-8269-342e-375e-a12a486347d3">
      <Execution id="bb8ef4bb-2398-44b0-836d-ed44c7fe0465" />
      <TestMethod codeBase="/Users/evrenyeniev/Projects/www/goztepe-volleyball-scraper/backend/VolleyballScraper.Tests/bin/Debug/net10.0/VolleyballScraper.Tests.dll" adapterTypeName="executor://xunit/VsTestRunner3/netcore/" className="VolleyballScraper.Tests.Integration.StandingsApiIntegrationTests" name="Api_ShouldReturnGoztepeData_WhenGoztepeExists" />
    </UnitTest>
    <UnitTest name="VolleyballScraper.Tests.Controllers.StandingsControllerTests.GetStandings_ShouldReturnOkResult_WithValidRequest" storage="/users/evrenyeniev/projects/www/goztepe-volleyball-scraper/backend/volleyballscraper.tests/bin/debug/net10.0/volleyballscraper.tests.dll" id="f8b7538d-4dc9-de3e-0f8d-00e8afb8a753">
      <Execution id="2ac74edb-5221-4d54-a888-54eb57a3a208" />
      <TestMethod codeBase="/Users/evrenyeniev/Projects/www/goztepe-volleyball-scraper/backend/VolleyballScraper.Tests/bin/Debug/net10.0/VolleyballScraper.Tests.dll" adapterTypeName="executor://xunit/VsTestRunner3/netcore/" className="VolleyballScraper.Tests.Controllers.StandingsControllerTests" name="GetStandings_ShouldReturnOkResult_WithValidRequest" />
    </UnitTest>
    <UnitTest name="VolleyballScraper.Tests.Controllers.StandingsControllerTests.GetStandings_ShouldReturnInternalServerError_WhenServiceThrows" storage="/users/evrenyeniev/projects/www/goztepe-volleyball-scraper/backend/volleyballscraper.tests/bin/debug/net10.0/volleyballscraper.tests.dll" id="b95c3201-b019-460a-ede9-eef502f008b8">
      <Execution id="1f48ce44-b65e-41de-84d9-47328c66236b" />
      <TestMethod codeBase="/Users/evrenyeniev/Projects/www/goztepe-volleyball-scraper/backend/VolleyballScraper.Tests/bin/Debug/net10.0/VolleyballScraper.Tests.dll" adapterTypeName="executor://xunit/VsTestRunner3/netcore/" className="VolleyballScraper.Tests.Controllers.StandingsControllerTests" name="GetStandings_ShouldReturnInternalServerError_WhenServiceThrows" />
    </UnitTest>
    <UnitTest name="VolleyballScraper.Tests.Controllers.StandingsControllerTests.GetStandings_ShouldReturnBadRequest_WhenRequiredFieldsMissing(seasonId: &quot;2025&quot;, category: &quot;&quot;, leagueCode: &quot;GKSL&quot;, competitionName: &quot;comp&quot;)" storage="/users/evrenyeniev/projects/www/goztepe-volleyball-scraper/backend/volleyballscraper.tests/bin/debug/net10.0/volleyballscraper.tests.dll" id="58884c02-51bc-d757-4575-c88583727178">
      <Execution id="e04fc564-dc5d-4336-814e-039f519ed7a0" />
      <TestMethod codeBase="/Users/evrenyeniev/Projects/www/goztepe-volleyball-scraper/backend/VolleyballScraper.Tests/bin/Debug/net10.0/VolleyballScraper.Tests.dll" adapterTypeName="executor://xunit/VsTestRunner3/netcore/" className="VolleyballScraper.Tests.Controllers.StandingsControllerTests" name="GetStandings_ShouldReturnBadRequest_WhenRequiredFieldsMissing" />
    </UnitTest>
  </TestDefinitions>
  <TestEntries>
    <TestEntry testId="f824d80b-8269-342e-375e-a12a486347d3" executionId="bb8ef4bb-2398-44b0-836d-ed44c7fe0465" testListId="8c84fa94-04c1-424b-9868-57a2d4851a1d" />
    <TestEntry testId="74f22482-e31a-3bd1-3aad-553dc84c41fe" executionId="86e0b6fb-4700-4605-8691-913e195a1802" testListId="8c84fa94-04c1-424b-9868-57a2d4851a1d" />
    <TestEntry testId="60752eef-979e-220d-d0ac-4b88f164be42" executionId="48da9fb5-6a1f-4526-ae3d-f552346dad95" testListId="8c84fa94-04c1-424b-9868-57a2d4851a1d" />
    <TestEntry testId="b08bca67-4b26-435b-3c91-d062b5001c78" executionId="3362e0ef-3c5d-46d4-83bd-c380c84c65f0" testListId="8c84fa94-04c1-424b-9868-57a2d4851a1d" />
    <TestEntry testId="d31e6825-8ea0-279f-c17e-e41efc5a4e1a" executionId="09b78e95-7109-4602-97e3-756b4df7f7fe" testListId="8c84fa94-04c1-424b-9868-57a2d4851a1d" />
    <TestEntry testId="cdf14b70-9f29-4ea6-c61c-cac6b700dbf5" executionId="0dc14e22-4c39-47cb-af14-66f552bb2772" testListId="8c84fa94-04c1-424b-9868-57a2d4851a1d" />
    <TestEntry testId="f8b7538d-4dc9-de3e-0f8d-00e8afb8a753" executionId="2ac74edb-5221-4d54-a888-54eb57a3a208" testListId="8c84fa94-04c1-424b-9868-57a2d4851a1d" />
    <TestEntry testId="25ca0231-3fb1-9dda-8e4c-cb49153765f4" executionId="8057cc5a-8a57-4a82-a0db-56d226d7ab3e" testListId="8c84fa94-04c1-424b-9868-57a2d4851a1d" />
    <TestEntry testId="9eed9f0b-3f56-b27d-6393-b09377e390c8" executionId="38d85885-5fb0-414f-8881-fea42b7e0e61" testListId="8c84fa94-04c1-424b-9868-57a2d4851a1d" />
    <TestEntry testId="76bf40ca-89ff-9877-50f4-b62ec57b48ce" executionId="8a2d530b-3ee0-4d28-b32e-a0d4726178bd" testListId="8c84fa94-04c1-424b-9868-57a2d4851a1d" />
    <TestEntry testId="4c7cc9ee-ff67-cbc5-4277-95fcd26f3768" executionId="e7e71890-06b3-46f2-9da5-4dcba57c2c5a" testListId="8c84fa94-04c1-424b-9868-57a2d4851a1d" />
    <TestEntry testId="c22e91ed-b701-d945-e997-68f3e13ff9e2" executionId="72003992-f0ae-40b1-8334-5ad51370bb1b" testListId="8c84fa94-04c1-424b-9868-57a2d4851a1d" />
    <TestEntry testId="cc15c092-c826-0184-18fb-19fcf64de139" executionId="0d7dbd13-544b-423a-93a9-2cabf7f57938" testListId="8c84fa94-04c1-424b-9868-57a2d4851a1d" />
    <TestEntry testId="358389d7-780a-3e63-d862-cf475743d353" executionId="e3dcf949-bb18-4933-b14b-43e96487e22a" testListId="8c84fa94-04c1-424b-9868-57a2d4851a1d" />
    <TestEntry testId="301d1fc8-0345-2d8b-cf30-e45e713e81e7" executionId="6b1fce83-2984-4f7b-80a4-8142fa884198" testListId="8c84fa94-04c1-424b-9868-57a2d4851a1d" />
    <TestEntry testId="f2f6e1f0-569e-a1f8-6de6-11d184ce34ce" executionId="ef19c98d-a062-4327-b324-8be7f3481472" testListId="8c84fa94-04c1-424b-9868-57a2d4851a1d" />
    <TestEntry testId="73dff34b-c674-4221-c40c-49ad34cc2980" executionId="3b344169-ccbf-4540-acd4-214ba6f8deb9" testListId="8c84fa94-04c1-424b-9868-57a2d4851a1d" />
    <TestEntry testId="d3f0666a-a054-3f46-244b-09b73a13c2d7" executionId="6a7a3def-c661-4b06-9561-a660b90b59ee" testListId="8c84fa94-04c1-424b-9868-57a2d4851a1d" />
    <TestEntry testId="6d39b852-ae53-0be4-a43f-6b03079b58d4" executionId="8451181f-9191-4f3e-999d-5e29e407178e" testListId="8c84fa94-04c1-424b-9868-57a2d4851a1d" />
    <TestEntry testId="b95c3201-b019-460a-ede9-eef502f008b8" executionId="1f48ce44-b65e-41de-84d9-47328c66236b" testListId="8c84fa94-04c1-424b-9868-57a2d4851a1d" />
    <TestEntry testId="58884c02-51bc-d757-4575-c88583727178" executionId="e04fc564-dc5d-4336-814e-039f519ed7a0" testListId="8c84fa94-04c1-424b-9868-57a2d4851a1d" />
  </TestEntries>
  <TestLists>
    <TestList name="Results Not in a List" id="8c84fa94-04c1-424b-9868-57a2d4851a1d" />
    <TestList name="All Loaded Results" id="19431567-8539-422a-85d7-44ee4e166bda" />
  </TestLists>
  <ResultSummary outcome="Failed">
    <Counters total="21" executed="21" passed="16" failed="5" error="0" timeout="0" aborted="0" inconclusive="0" passedButRunAborted="0" notRunnable="0" notExecuted="0" disconnected="0" warning="0" completed="0" inProgress="0" pending="0" />
    <Output>
      <StdOut>[xUnit.net 00:00:00.00] xUnit.net VSTest Adapter v3.1.4+50e68bbb8b (64-bit .NET 10.0.2)
[xUnit.net 00:00:00.04]   Discovering: VolleyballScraper.Tests
[xUnit.net 00:00:00.07]   Discovered:  VolleyballScraper.Tests
[xUnit.net 00:00:00.08]   Starting:    VolleyballScraper.Tests
[xUnit.net 00:00:00.15]       System.Exception : Service error
[xUnit.net 00:00:00.15]       Stack Trace:
[xUnit.net 00:00:00.15]         /Users/evrenyeniev/Projects/www/goztepe-volleyball-scraper/backend/VolleyballScraper.Api/Controllers/StandingsController.cs(104,0): at VolleyballScraper.Api.Controllers.StandingsController.GetStandings(StandingsRequest request)
[xUnit.net 00:00:00.15]         /Users/evrenyeniev/Projects/www/goztepe-volleyball-scraper/backend/VolleyballScraper.Tests/Controllers/StandingsControllerTests.cs(182,0): at VolleyballScraper.Tests.Controllers.StandingsControllerTests.GetStandings_ShouldReturnInternalServerError_WhenServiceThrows()
[xUnit.net 00:00:00.15]         --- End of stack trace from previous location ---
     Warning:
     The component "Fluent Assertions" is governed by the rules defined in the Xceed License Agreement and
     the Xceed Fluent Assertions Community License. You may use Fluent Assertions free of charge for
     non-commercial use only. An active subscription is required to use Fluent Assertions for commercial use.
     Please contact Xceed Sales mailto:sales@xceed.com to acquire a subscription at a very low cost.
     A paid commercial license supports the development and continued increasing support of
     Fluent Assertions users under both commercial and community licenses. Help us
     keep Fluent Assertions at the forefront of unit testing.
     For more information, visit https://xceed.com/products/unit-testing/fluent-assertions/
[xUnit.net 00:00:00.16]       System.NullReferenceException : Object reference not set to an instance of an object.
[xUnit.net 00:00:00.16]       Stack Trace:
[xUnit.net 00:00:00.16]         /Users/evrenyeniev/Projects/www/goztepe-volleyball-scraper/backend/VolleyballScraper.Api/Controllers/StandingsController.cs(106,0): at VolleyballScraper.Api.Controllers.StandingsController.GetStandings(StandingsRequest request)
[xUnit.net 00:00:00.16]         /Users/evrenyeniev/Projects/www/goztepe-volleyball-scraper/backend/VolleyballScraper.Tests/Controllers/StandingsControllerTests.cs(160,0): at VolleyballScraper.Tests.Controllers.StandingsControllerTests.GetStandings_ShouldReturnBadRequest_WhenRequiredFieldsMissing(String seasonId, String category, String leagueCode, String competitionName)
[xUnit.net 00:00:00.16]         --- End of stack trace from previous location ---
[xUnit.net 00:00:00.19]       Expected okResult!.Value to be a collection, but it was a &lt;&gt;f__AnonymousType11`5[System.String,System.String,System.String,System.Int32,System.Collections.Generic.List`1[VolleyballScraper.Api.Models.Standings.Competition]]
[xUnit.net 00:00:00.19]       
[xUnit.net 00:00:00.19]       With configuration:
[xUnit.net 00:00:00.19]       - Prefer the declared type of the members
[xUnit.net 00:00:00.19]       - Compare enums by value
[xUnit.net 00:00:00.19]       - Compare tuples by their properties
[xUnit.net 00:00:00.19]       - Compare anonymous types by their properties
[xUnit.net 00:00:00.19]       - Compare records by their members
[xUnit.net 00:00:00.19]       - Include non-browsable members
[xUnit.net 00:00:00.19]       - Match (JSON) member by name (or throw)
[xUnit.net 00:00:00.19]       - Be strict about the order of items in byte arrays
[xUnit.net 00:00:00.19]       - Without automatic conversion
[xUnit.net 00:00:00.19]       
[xUnit.net 00:00:00.19]       Stack Trace:
[xUnit.net 00:00:00.19]            at FluentAssertions.Primitives.ObjectAssertions`2.BeEquivalentTo[TExpectation](TExpectation expectation, Func`2 config, String because, Object[] becauseArgs)
[xUnit.net 00:00:00.19]            at FluentAssertions.Primitives.ObjectAssertions`2.BeEquivalentTo[TExpectation](TExpectation expectation, String because, Object[] becauseArgs)
[xUnit.net 00:00:00.19]         /Users/evrenyeniev/Projects/www/goztepe-volleyball-scraper/backend/VolleyballScraper.Tests/Controllers/StandingsControllerTests.cs(56,0): at VolleyballScraper.Tests.Controllers.StandingsControllerTests.GetCompetitions_ShouldReturnOkResult_WithValidRequest()
[xUnit.net 00:00:00.19]         --- End of stack trace from previous location ---
info: Microsoft.Hosting.Lifetime[0]
      Application started. Press Ctrl+C to shut down.
info: Microsoft.Hosting.Lifetime[0]
      Hosting environment: Development
info: Microsoft.Hosting.Lifetime[0]
      Content root path: /Users/evrenyeniev/Projects/www/goztepe-volleyball-scraper/backend/VolleyballScraper.Api
warn: Microsoft.AspNetCore.HttpsPolicy.HttpsRedirectionMiddleware[3]
      Failed to determine the https port for redirect.
info: VolleyballScraper.Api.Services.StandingsCacheService[0]
      Standings cache MISS: standings:2025-2026:invalid-competition
info: System.Net.Http.HttpClient.StandingsClient.LogicalHandler[100]
      Start processing HTTP request GET https://izmir.voleyboliltemsilciligi.com/PuanDurumu
info: System.Net.Http.HttpClient.StandingsClient.ClientHandler[100]
      Sending HTTP request GET https://izmir.voleyboliltemsilciligi.com/PuanDurumu
info: System.Net.Http.HttpClient.StandingsClient.ClientHandler[101]
      Received HTTP response headers after 209.1526ms - 200
info: System.Net.Http.HttpClient.StandingsClient.LogicalHandler[101]
      End processing HTTP request after 214.0329ms - 200
info: VolleyballScraper.Api.Services.StandingsScraperService[0]
      [Standings] VIEWSTATE retrieved for competition invalid-competition.
info: System.Net.Http.HttpClient.StandingsClient.LogicalHandler[100]
      Start processing HTTP request POST https://izmir.voleyboliltemsilciligi.com/PuanDurumu
info: System.Net.Http.HttpClient.StandingsClient.ClientHandler[100]
      Sending HTTP request POST https://izmir.voleyboliltemsilciligi.com/PuanDurumu
info: System.Net.Http.HttpClient.StandingsClient.ClientHandler[101]
      Received HTTP response headers after 95.273ms - 200
info: System.Net.Http.HttpClient.StandingsClient.LogicalHandler[101]
      End processing HTTP request after 95.3338ms - 200
info: System.Net.Http.HttpClient.StandingsClient.LogicalHandler[100]
      Start processing HTTP request POST https://izmir.voleyboliltemsilciligi.com/PuanDurumu
info: System.Net.Http.HttpClient.StandingsClient.ClientHandler[100]
      Sending HTTP request POST https://izmir.voleyboliltemsilciligi.com/PuanDurumu
info: System.Net.Http.HttpClient.StandingsClient.ClientHandler[101]
      Received HTTP response headers after 137.592ms - 200
info: System.Net.Http.HttpClient.StandingsClient.LogicalHandler[101]
      End processing HTTP request after 137.6509ms - 200
info: System.Net.Http.HttpClient.StandingsClient.LogicalHandler[100]
      Start processing HTTP request POST https://izmir.voleyboliltemsilciligi.com/PuanDurumu
info: System.Net.Http.HttpClient.StandingsClient.ClientHandler[100]
      Sending HTTP request POST https://izmir.voleyboliltemsilciligi.com/PuanDurumu
info: System.Net.Http.HttpClient.StandingsClient.ClientHandler[101]
      Received HTTP response headers after 132.9549ms - 200
info: System.Net.Http.HttpClient.StandingsClient.LogicalHandler[101]
      End processing HTTP request after 133.0249ms - 200
info: System.Net.Http.HttpClient.StandingsClient.LogicalHandler[100]
      Start processing HTTP request POST https://izmir.voleyboliltemsilciligi.com/PuanDurumu
info: System.Net.Http.HttpClient.StandingsClient.ClientHandler[100]
      Sending HTTP request POST https://izmir.voleyboliltemsilciligi.com/PuanDurumu
info: System.Net.Http.HttpClient.StandingsClient.ClientHandler[101]
      Received HTTP response headers after 91.849ms - 200
info: System.Net.Http.HttpClient.StandingsClient.LogicalHandler[101]
      End processing HTTP request after 91.9097ms - 200
info: System.Net.Http.HttpClient.StandingsClient.LogicalHandler[100]
      Start processing HTTP request POST https://izmir.voleyboliltemsilciligi.com/PuanDurumu
info: System.Net.Http.HttpClient.StandingsClient.ClientHandler[100]
      Sending HTTP request POST https://izmir.voleyboliltemsilciligi.com/PuanDurumu
info: System.Net.Http.HttpClient.StandingsClient.ClientHandler[101]
      Received HTTP response headers after 93.6735ms - 200
info: System.Net.Http.HttpClient.StandingsClient.LogicalHandler[101]
      End processing HTTP request after 93.7745ms - 200
info: VolleyballScraper.Api.Services.StandingsScraperService[0]
      [Standings] Getting all game results using Show All link
info: System.Net.Http.HttpClient.StandingsClient.LogicalHandler[100]
      Start processing HTTP request POST https://izmir.voleyboliltemsilciligi.com/PuanDurumu
info: System.Net.Http.HttpClient.StandingsClient.ClientHandler[100]
      Sending HTTP request POST https://izmir.voleyboliltemsilciligi.com/PuanDurumu
info: System.Net.Http.HttpClient.StandingsClient.ClientHandler[101]
      Received HTTP response headers after 91.9397ms - 200
info: System.Net.Http.HttpClient.StandingsClient.LogicalHandler[101]
      End processing HTTP request after 92.0043ms - 200
info: VolleyballScraper.Api.Services.StandingsScraperService[0]
      [Standings] Retrieved 0 games
info: VolleyballScraper.Api.Services.StandingsScraperService[0]
      [Standings] Competition invalid-competition: 0 teams, 0 games, hasGöztepe=False.
info: VolleyballScraper.Api.Services.StandingsCacheService[0]
      Standings cache SET: standings:2025-2026:invalid-competition → 0 teams, 0 games, 720h valid
info: VolleyballScraper.Api.Services.StandingsCacheService[0]
      Standings cache MISS: competitions:2025-2026:GK:GKSL
info: System.Net.Http.HttpClient.StandingsClient.LogicalHandler[100]
      Start processing HTTP request GET https://izmir.voleyboliltemsilciligi.com/PuanDurumu
info: System.Net.Http.HttpClient.StandingsClient.ClientHandler[100]
      Sending HTTP request GET https://izmir.voleyboliltemsilciligi.com/PuanDurumu
info: System.Net.Http.HttpClient.StandingsClient.ClientHandler[101]
      Received HTTP response headers after 93.3011ms - 200
info: System.Net.Http.HttpClient.StandingsClient.LogicalHandler[101]
      End processing HTTP request after 93.373ms - 200
info: VolleyballScraper.Api.Services.StandingsScraperService[0]
      [Standings] VIEWSTATE retrieved for competitions.
info: System.Net.Http.HttpClient.StandingsClient.LogicalHandler[100]
      Start processing HTTP request POST https://izmir.voleyboliltemsilciligi.com/PuanDurumu
info: System.Net.Http.HttpClient.StandingsClient.ClientHandler[100]
      Sending HTTP request POST https://izmir.voleyboliltemsilciligi.com/PuanDurumu
info: System.Net.Http.HttpClient.StandingsClient.ClientHandler[101]
      Received HTTP response headers after 95.385ms - 200
info: System.Net.Http.HttpClient.StandingsClient.LogicalHandler[101]
      End processing HTTP request after 95.45ms - 200
info: System.Net.Http.HttpClient.StandingsClient.LogicalHandler[100]
      Start processing HTTP request POST https://izmir.voleyboliltemsilciligi.com/PuanDurumu
info: System.Net.Http.HttpClient.StandingsClient.ClientHandler[100]
      Sending HTTP request POST https://izmir.voleyboliltemsilciligi.com/PuanDurumu
info: System.Net.Http.HttpClient.StandingsClient.ClientHandler[101]
      Received HTTP response headers after 107.5843ms - 200
info: System.Net.Http.HttpClient.StandingsClient.LogicalHandler[101]
      End processing HTTP request after 107.6566ms - 200
info: System.Net.Http.HttpClient.StandingsClient.LogicalHandler[100]
      Start processing HTTP request POST https://izmir.voleyboliltemsilciligi.com/PuanDurumu
info: System.Net.Http.HttpClient.StandingsClient.ClientHandler[100]
      Sending HTTP request POST https://izmir.voleyboliltemsilciligi.com/PuanDurumu
info: System.Net.Http.HttpClient.StandingsClient.ClientHandler[101]
      Received HTTP response headers after 106.9131ms - 200
info: System.Net.Http.HttpClient.StandingsClient.LogicalHandler[101]
      End processing HTTP request after 106.9807ms - 200
info: System.Net.Http.HttpClient.StandingsClient.LogicalHandler[100]
      Start processing HTTP request POST https://izmir.voleyboliltemsilciligi.com/PuanDurumu
info: System.Net.Http.HttpClient.StandingsClient.ClientHandler[100]
      Sending HTTP request POST https://izmir.voleyboliltemsilciligi.com/PuanDurumu
info: System.Net.Http.HttpClient.StandingsClient.ClientHandler[101]
      Received HTTP response headers after 90.8247ms - 200
info: System.Net.Http.HttpClient.StandingsClient.LogicalHandler[101]
      End processing HTTP request after 90.9437ms - 200
info: VolleyballScraper.Api.Services.StandingsScraperService[0]
      [Standings] Found 14 competitions for GKSL.
info: VolleyballScraper.Api.Services.StandingsCacheService[0]
      Standings cache SET: competitions:2025-2026:GK:GKSL → 14 competitions, 720h valid
info: VolleyballScraper.Api.Services.StandingsCacheService[0]
      Standings cache MISS: standings:2025-2026:17337*6F7843C4-C9CB-4256-9322-5C4E9B718D75
info: System.Net.Http.HttpClient.StandingsClient.LogicalHandler[100]
      Start processing HTTP request GET https://izmir.voleyboliltemsilciligi.com/PuanDurumu
info: System.Net.Http.HttpClient.StandingsClient.ClientHandler[100]
      Sending HTTP request GET https://izmir.voleyboliltemsilciligi.com/PuanDurumu
info: System.Net.Http.HttpClient.StandingsClient.ClientHandler[101]
      Received HTTP response headers after 91.2009ms - 200
info: System.Net.Http.HttpClient.StandingsClient.LogicalHandler[101]
      End processing HTTP request after 91.2503ms - 200
info: VolleyballScraper.Api.Services.StandingsScraperService[0]
      [Standings] VIEWSTATE retrieved for competition 17337*6F7843C4-C9CB-4256-9322-5C4E9B718D75.
info: System.Net.Http.HttpClient.StandingsClient.LogicalHandler[100]
      Start processing HTTP request POST https://izmir.voleyboliltemsilciligi.com/PuanDurumu
info: System.Net.Http.HttpClient.StandingsClient.ClientHandler[100]
      Sending HTTP request POST https://izmir.voleyboliltemsilciligi.com/PuanDurumu
info: System.Net.Http.HttpClient.StandingsClient.ClientHandler[101]
      Received HTTP response headers after 96.5186ms - 200
info: System.Net.Http.HttpClient.StandingsClient.LogicalHandler[101]
      End processing HTTP request after 96.5738ms - 200
info: System.Net.Http.HttpClient.StandingsClient.LogicalHandler[100]
      Start processing HTTP request POST https://izmir.voleyboliltemsilciligi.com/PuanDurumu
info: System.Net.Http.HttpClient.StandingsClient.ClientHandler[100]
      Sending HTTP request POST https://izmir.voleyboliltemsilciligi.com/PuanDurumu
info: System.Net.Http.HttpClient.StandingsClient.ClientHandler[101]
      Received HTTP response headers after 108.8049ms - 200
info: System.Net.Http.HttpClient.StandingsClient.LogicalHandler[101]
      End processing HTTP request after 108.8938ms - 200
info: System.Net.Http.HttpClient.StandingsClient.LogicalHandler[100]
      Start processing HTTP request POST https://izmir.voleyboliltemsilciligi.com/PuanDurumu
info: System.Net.Http.HttpClient.StandingsClient.ClientHandler[100]
      Sending HTTP request POST https://izmir.voleyboliltemsilciligi.com/PuanDurumu
info: System.Net.Http.HttpClient.StandingsClient.ClientHandler[101]
      Received HTTP response headers after 106.0938ms - 200
info: System.Net.Http.HttpClient.StandingsClient.LogicalHandler[101]
      End processing HTTP request after 106.1497ms - 200
info: System.Net.Http.HttpClient.StandingsClient.LogicalHandler[100]
      Start processing HTTP request POST https://izmir.voleyboliltemsilciligi.com/PuanDurumu
info: System.Net.Http.HttpClient.StandingsClient.ClientHandler[100]
      Sending HTTP request POST https://izmir.voleyboliltemsilciligi.com/PuanDurumu
info: System.Net.Http.HttpClient.StandingsClient.ClientHandler[101]
      Received HTTP response headers after 91.8135ms - 200
info: System.Net.Http.HttpClient.StandingsClient.LogicalHandler[101]
      End processing HTTP request after 91.8653ms - 200
info: System.Net.Http.HttpClient.StandingsClient.LogicalHandler[100]
      Start processing HTTP request POST https://izmir.voleyboliltemsilciligi.com/PuanDurumu
info: System.Net.Http.HttpClient.StandingsClient.ClientHandler[100]
      Sending HTTP request POST https://izmir.voleyboliltemsilciligi.com/PuanDurumu
[xUnit.net 00:00:02.33]       Expected a &lt;System.Exception&gt; to be thrown, but no exception was thrown.
[xUnit.net 00:00:02.33]       Stack Trace:
[xUnit.net 00:00:02.33]            at FluentAssertions.Specialized.DelegateAssertionsBase`2.&lt;&gt;c__DisplayClass8_0`1.&lt;ThrowInternal&gt;b__0(AssertionChain chain)
[xUnit.net 00:00:02.33]            at FluentAssertions.Specialized.DelegateAssertionsBase`2.ThrowInternal[TException](Exception exception, String because, Object[] becauseArgs)
[xUnit.net 00:00:02.33]            at FluentAssertions.Specialized.AsyncFunctionAssertions`2.ThrowAsync[TException](String because, Object[] becauseArgs)
[xUnit.net 00:00:02.33]         /Users/evrenyeniev/Projects/www/goztepe-volleyball-scraper/backend/VolleyballScraper.Tests/Services/StandingsScraperServiceTests.cs(92,0): at VolleyballScraper.Tests.Services.StandingsScraperServiceTests.GetCompetitionsAsync_ShouldReturnEmptyList_WhenCacheMissAndHttpFails()
[xUnit.net 00:00:02.33]         --- End of stack trace from previous location ---
info: System.Net.Http.HttpClient.StandingsClient.ClientHandler[101]
      Received HTTP response headers after 154.6511ms - 200
info: System.Net.Http.HttpClient.StandingsClient.LogicalHandler[101]
      End processing HTTP request after 154.7122ms - 200
info: VolleyballScraper.Api.Services.StandingsScraperService[0]
      [Standings] Getting all game results using Show All link
info: System.Net.Http.HttpClient.StandingsClient.LogicalHandler[100]
      Start processing HTTP request POST https://izmir.voleyboliltemsilciligi.com/PuanDurumu
info: System.Net.Http.HttpClient.StandingsClient.ClientHandler[100]
      Sending HTTP request POST https://izmir.voleyboliltemsilciligi.com/PuanDurumu
info: System.Net.Http.HttpClient.StandingsClient.ClientHandler[101]
      Received HTTP response headers after 341.1687ms - 200
info: System.Net.Http.HttpClient.StandingsClient.LogicalHandler[101]
      End processing HTTP request after 341.2264ms - 200
info: VolleyballScraper.Api.Services.StandingsScraperService[0]
      [Standings] Retrieved 15 games
info: VolleyballScraper.Api.Services.StandingsScraperService[0]
      [Standings] Competition 17337*6F7843C4-C9CB-4256-9322-5C4E9B718D75: 6 teams, 15 games, hasGöztepe=False.
info: VolleyballScraper.Api.Services.StandingsCacheService[0]
      Standings cache SET: standings:2025-2026:17337*6F7843C4-C9CB-4256-9322-5C4E9B718D75 → 6 teams, 15 games, 720h valid
info: VolleyballScraper.Api.Services.StandingsCacheService[0]
      Standings cache MISS: standings:2025-2026:17345*8FF84B09-1B9E-4C7D-8BF7-F9EC67B4D5E2
info: System.Net.Http.HttpClient.StandingsClient.LogicalHandler[100]
      Start processing HTTP request GET https://izmir.voleyboliltemsilciligi.com/PuanDurumu
info: System.Net.Http.HttpClient.StandingsClient.ClientHandler[100]
      Sending HTTP request GET https://izmir.voleyboliltemsilciligi.com/PuanDurumu
info: System.Net.Http.HttpClient.StandingsClient.ClientHandler[101]
      Received HTTP response headers after 93.5173ms - 200
info: System.Net.Http.HttpClient.StandingsClient.LogicalHandler[101]
      End processing HTTP request after 93.5749ms - 200
info: VolleyballScraper.Api.Services.StandingsScraperService[0]
      [Standings] VIEWSTATE retrieved for competition 17345*8FF84B09-1B9E-4C7D-8BF7-F9EC67B4D5E2.
info: System.Net.Http.HttpClient.StandingsClient.LogicalHandler[100]
      Start processing HTTP request POST https://izmir.voleyboliltemsilciligi.com/PuanDurumu
info: System.Net.Http.HttpClient.StandingsClient.ClientHandler[100]
      Sending HTTP request POST https://izmir.voleyboliltemsilciligi.com/PuanDurumu
info: System.Net.Http.HttpClient.StandingsClient.ClientHandler[101]
      Received HTTP response headers after 96.2246ms - 200
info: System.Net.Http.HttpClient.StandingsClient.LogicalHandler[101]
      End processing HTTP request after 96.2783ms - 200
info: System.Net.Http.HttpClient.StandingsClient.LogicalHandler[100]
      Start processing HTTP request POST https://izmir.voleyboliltemsilciligi.com/PuanDurumu
info: System.Net.Http.HttpClient.StandingsClient.ClientHandler[100]
      Sending HTTP request POST https://izmir.voleyboliltemsilciligi.com/PuanDurumu
info: System.Net.Http.HttpClient.StandingsClient.ClientHandler[101]
      Received HTTP response headers after 444.0244ms - 200
info: System.Net.Http.HttpClient.StandingsClient.LogicalHandler[101]
      End processing HTTP request after 444.0929ms - 200
info: System.Net.Http.HttpClient.StandingsClient.LogicalHandler[100]
      Start processing HTTP request POST https://izmir.voleyboliltemsilciligi.com/PuanDurumu
info: System.Net.Http.HttpClient.StandingsClient.ClientHandler[100]
      Sending HTTP request POST https://izmir.voleyboliltemsilciligi.com/PuanDurumu
info: System.Net.Http.HttpClient.StandingsClient.ClientHandler[101]
      Received HTTP response headers after 167.4474ms - 200
info: System.Net.Http.HttpClient.StandingsClient.LogicalHandler[101]
      End processing HTTP request after 167.5013ms - 200
info: System.Net.Http.HttpClient.StandingsClient.LogicalHandler[100]
      Start processing HTTP request POST https://izmir.voleyboliltemsilciligi.com/PuanDurumu
info: System.Net.Http.HttpClient.StandingsClient.ClientHandler[100]
      Sending HTTP request POST https://izmir.voleyboliltemsilciligi.com/PuanDurumu
info: System.Net.Http.HttpClient.StandingsClient.ClientHandler[101]
      Received HTTP response headers after 91.5491ms - 200
info: System.Net.Http.HttpClient.StandingsClient.LogicalHandler[101]
      End processing HTTP request after 91.5992ms - 200
info: System.Net.Http.HttpClient.StandingsClient.LogicalHandler[100]
      Start processing HTTP request POST https://izmir.voleyboliltemsilciligi.com/PuanDurumu
info: System.Net.Http.HttpClient.StandingsClient.ClientHandler[100]
      Sending HTTP request POST https://izmir.voleyboliltemsilciligi.com/PuanDurumu
info: System.Net.Http.HttpClient.StandingsClient.ClientHandler[101]
      Received HTTP response headers after 298.3664ms - 200
info: System.Net.Http.HttpClient.StandingsClient.LogicalHandler[101]
      End processing HTTP request after 298.431ms - 200
info: VolleyballScraper.Api.Services.StandingsScraperService[0]
      [Standings] Getting all game results using Show All link
info: System.Net.Http.HttpClient.StandingsClient.LogicalHandler[100]
      Start processing HTTP request POST https://izmir.voleyboliltemsilciligi.com/PuanDurumu
info: System.Net.Http.HttpClient.StandingsClient.ClientHandler[100]
      Sending HTTP request POST https://izmir.voleyboliltemsilciligi.com/PuanDurumu
info: System.Net.Http.HttpClient.StandingsClient.ClientHandler[101]
      Received HTTP response headers after 133.4176ms - 200
info: System.Net.Http.HttpClient.StandingsClient.LogicalHandler[101]
      End processing HTTP request after 133.4665ms - 200
info: VolleyballScraper.Api.Services.StandingsScraperService[0]
      [Standings] Retrieved 15 games
info: VolleyballScraper.Api.Services.StandingsScraperService[0]
      [Standings] Competition 17345*8FF84B09-1B9E-4C7D-8BF7-F9EC67B4D5E2: 6 teams, 15 games, hasGöztepe=True.
info: VolleyballScraper.Api.Services.StandingsCacheService[0]
      Standings cache SET: standings:2025-2026:17345*8FF84B09-1B9E-4C7D-8BF7-F9EC67B4D5E2 → 6 teams, 15 games, 720h valid
info: VolleyballScraper.Api.Services.StandingsCacheService[0]
      Standings cache MISS: competitions:2020-2021:GK:GKSL
info: System.Net.Http.HttpClient.StandingsClient.LogicalHandler[100]
      Start processing HTTP request GET https://izmir.voleyboliltemsilciligi.com/PuanDurumu
info: System.Net.Http.HttpClient.StandingsClient.ClientHandler[100]
      Sending HTTP request GET https://izmir.voleyboliltemsilciligi.com/PuanDurumu
info: System.Net.Http.HttpClient.StandingsClient.ClientHandler[101]
      Received HTTP response headers after 92.3027ms - 200
info: System.Net.Http.HttpClient.StandingsClient.LogicalHandler[101]
      End processing HTTP request after 92.3544ms - 200
info: VolleyballScraper.Api.Services.StandingsScraperService[0]
      [Standings] VIEWSTATE retrieved for competitions.
info: System.Net.Http.HttpClient.StandingsClient.LogicalHandler[100]
      Start processing HTTP request POST https://izmir.voleyboliltemsilciligi.com/PuanDurumu
info: System.Net.Http.HttpClient.StandingsClient.ClientHandler[100]
      Sending HTTP request POST https://izmir.voleyboliltemsilciligi.com/PuanDurumu
info: System.Net.Http.HttpClient.StandingsClient.ClientHandler[101]
      Received HTTP response headers after 95.3125ms - 200
info: System.Net.Http.HttpClient.StandingsClient.LogicalHandler[101]
      End processing HTTP request after 95.3769ms - 200
info: System.Net.Http.HttpClient.StandingsClient.LogicalHandler[100]
      Start processing HTTP request POST https://izmir.voleyboliltemsilciligi.com/PuanDurumu
info: System.Net.Http.HttpClient.StandingsClient.ClientHandler[100]
      Sending HTTP request POST https://izmir.voleyboliltemsilciligi.com/PuanDurumu
info: System.Net.Http.HttpClient.StandingsClient.ClientHandler[101]
      Received HTTP response headers after 107.986ms - 200
info: System.Net.Http.HttpClient.StandingsClient.LogicalHandler[101]
      End processing HTTP request after 108.049ms - 200
info: System.Net.Http.HttpClient.StandingsClient.LogicalHandler[100]
      Start processing HTTP request POST https://izmir.voleyboliltemsilciligi.com/PuanDurumu
info: System.Net.Http.HttpClient.StandingsClient.ClientHandler[100]
      Sending HTTP request POST https://izmir.voleyboliltemsilciligi.com/PuanDurumu
info: System.Net.Http.HttpClient.StandingsClient.ClientHandler[101]
      Received HTTP response headers after 106.7174ms - 200
info: System.Net.Http.HttpClient.StandingsClient.LogicalHandler[101]
      End processing HTTP request after 106.7613ms - 200
info: System.Net.Http.HttpClient.StandingsClient.LogicalHandler[100]
      Start processing HTTP request POST https://izmir.voleyboliltemsilciligi.com/PuanDurumu
info: System.Net.Http.HttpClient.StandingsClient.ClientHandler[100]
      Sending HTTP request POST https://izmir.voleyboliltemsilciligi.com/PuanDurumu
info: System.Net.Http.HttpClient.StandingsClient.ClientHandler[101]
      Received HTTP response headers after 91.0357ms - 200
info: System.Net.Http.HttpClient.StandingsClient.LogicalHandler[101]
      End processing HTTP request after 91.0782ms - 200
info: VolleyballScraper.Api.Services.StandingsScraperService[0]
      [Standings] Found 14 competitions for GKSL.
info: VolleyballScraper.Api.Services.StandingsCacheService[0]
      Standings cache SET: competitions:2020-2021:GK:GKSL → 14 competitions, 720h valid
info: VolleyballScraper.Api.Services.StandingsCacheService[0]
      Standings cache MISS: competitions:invalid-season:GK:GKSL
info: System.Net.Http.HttpClient.StandingsClient.LogicalHandler[100]
      Start processing HTTP request GET https://izmir.voleyboliltemsilciligi.com/PuanDurumu
info: System.Net.Http.HttpClient.StandingsClient.ClientHandler[100]
      Sending HTTP request GET https://izmir.voleyboliltemsilciligi.com/PuanDurumu
info: System.Net.Http.HttpClient.StandingsClient.ClientHandler[101]
      Received HTTP response headers after 93.0442ms - 200
info: System.Net.Http.HttpClient.StandingsClient.LogicalHandler[101]
      End processing HTTP request after 93.0865ms - 200
info: VolleyballScraper.Api.Services.StandingsScraperService[0]
      [Standings] VIEWSTATE retrieved for competitions.
info: System.Net.Http.HttpClient.StandingsClient.LogicalHandler[100]
      Start processing HTTP request POST https://izmir.voleyboliltemsilciligi.com/PuanDurumu
info: System.Net.Http.HttpClient.StandingsClient.ClientHandler[100]
      Sending HTTP request POST https://izmir.voleyboliltemsilciligi.com/PuanDurumu
info: System.Net.Http.HttpClient.StandingsClient.ClientHandler[101]
      Received HTTP response headers after 94.279ms - 200
info: System.Net.Http.HttpClient.StandingsClient.LogicalHandler[101]
      End processing HTTP request after 94.3242ms - 200
info: System.Net.Http.HttpClient.StandingsClient.LogicalHandler[100]
      Start processing HTTP request POST https://izmir.voleyboliltemsilciligi.com/PuanDurumu
info: System.Net.Http.HttpClient.StandingsClient.ClientHandler[100]
      Sending HTTP request POST https://izmir.voleyboliltemsilciligi.com/PuanDurumu
info: System.Net.Http.HttpClient.StandingsClient.ClientHandler[101]
      Received HTTP response headers after 107.8535ms - 200
info: System.Net.Http.HttpClient.StandingsClient.LogicalHandler[101]
      End processing HTTP request after 107.9032ms - 200
info: System.Net.Http.HttpClient.StandingsClient.LogicalHandler[100]
      Start processing HTTP request POST https://izmir.voleyboliltemsilciligi.com/PuanDurumu
info: System.Net.Http.HttpClient.StandingsClient.ClientHandler[100]
      Sending HTTP request POST https://izmir.voleyboliltemsilciligi.com/PuanDurumu
info: System.Net.Http.HttpClient.StandingsClient.ClientHandler[101]
      Received HTTP response headers after 107.1474ms - 200
info: System.Net.Http.HttpClient.StandingsClient.LogicalHandler[101]
      End processing HTTP request after 107.1885ms - 200
info: System.Net.Http.HttpClient.StandingsClient.LogicalHandler[100]
      Start processing HTTP request POST https://izmir.voleyboliltemsilciligi.com/PuanDurumu
info: System.Net.Http.HttpClient.StandingsClient.ClientHandler[100]
      Sending HTTP request POST https://izmir.voleyboliltemsilciligi.com/PuanDurumu
info: System.Net.Http.HttpClient.StandingsClient.ClientHandler[101]
      Received HTTP response headers after 92.9624ms - 200
info: System.Net.Http.HttpClient.StandingsClient.LogicalHandler[101]
      End processing HTTP request after 93.0007ms - 200
info: VolleyballScraper.Api.Services.StandingsScraperService[0]
      [Standings] Found 14 competitions for GKSL.
info: VolleyballScraper.Api.Services.StandingsCacheService[0]
      Standings cache SET: competitions:invalid-season:GK:GKSL → 14 competitions, 720h valid
info: VolleyballScraper.Api.Services.StandingsCacheService[0]
      Standings cache HIT: competitions:2025-2026:GK:GKSL
info: VolleyballScraper.Api.Services.StandingsCacheService[0]
      Standings cache HIT: standings:2025-2026:17337*6F7843C4-C9CB-4256-9322-5C4E9B718D75
info: VolleyballScraper.Api.Services.StandingsCacheService[0]
      Standings cache HIT: competitions:2025-2026:GK:GKSL
[xUnit.net 00:00:05.20]       Expected response.StatusCode to be HttpStatusCode.BadRequest {value: 400}, but found HttpStatusCode.OK {value: 200}.
[xUnit.net 00:00:05.20]       Stack Trace:
[xUnit.net 00:00:05.20]            at FluentAssertions.Primitives.EnumAssertions`2.Be(TEnum expected, String because, Object[] becauseArgs)
[xUnit.net 00:00:05.20]         /Users/evrenyeniev/Projects/www/goztepe-volleyball-scraper/backend/VolleyballScraper.Tests/Integration/StandingsApiIntegrationTests.cs(70,0): at VolleyballScraper.Tests.Integration.StandingsApiIntegrationTests.GetCompetitions_ShouldReturn200_WithValidRequest()
[xUnit.net 00:00:05.20]         --- End of stack trace from previous location ---
info: Microsoft.Hosting.Lifetime[0]
      Application is shutting down...
[xUnit.net 00:00:05.20]   Finished:    VolleyballScraper.Tests
</StdOut>
    </Output>
    <RunInfos>
      <RunInfo computerName="Evrens-MacBook-Pro-2" outcome="Error" timestamp="2026-04-11T15:01:04.8018450+02:00">
        <Text>[xUnit.net 00:00:00.15]     VolleyballScraper.Tests.Controllers.StandingsControllerTests.GetStandings_ShouldReturnInternalServerError_WhenServiceThrows [FAIL]</Text>
      </RunInfo>
      <RunInfo computerName="Evrens-MacBook-Pro-2" outcome="Error" timestamp="2026-04-11T15:01:04.8125030+02:00">
        <Text>[xUnit.net 00:00:00.16]     VolleyballScraper.Tests.Controllers.StandingsControllerTests.GetStandings_ShouldReturnBadRequest_WhenRequiredFieldsMissing(seasonId: "", category: "GK", leagueCode: "GKSL", competitionName: "comp") [FAIL]</Text>
      </RunInfo>
      <RunInfo computerName="Evrens-MacBook-Pro-2" outcome="Error" timestamp="2026-04-11T15:01:04.8387770+02:00">
        <Text>[xUnit.net 00:00:00.19]     VolleyballScraper.Tests.Controllers.StandingsControllerTests.GetCompetitions_ShouldReturnOkResult_WithValidRequest [FAIL]</Text>
      </RunInfo>
      <RunInfo computerName="Evrens-MacBook-Pro-2" outcome="Error" timestamp="2026-04-11T15:01:06.9832660+02:00">
        <Text>[xUnit.net 00:00:02.33]     VolleyballScraper.Tests.Services.StandingsScraperServiceTests.GetCompetitionsAsync_ShouldReturnEmptyList_WhenCacheMissAndHttpFails [FAIL]</Text>
      </RunInfo>
      <RunInfo computerName="Evrens-MacBook-Pro-2" outcome="Error" timestamp="2026-04-11T15:01:09.8475230+02:00">
        <Text>[xUnit.net 00:00:05.20]     VolleyballScraper.Tests.Integration.StandingsApiIntegrationTests.GetCompetitions_ShouldReturn200_WithValidRequest [FAIL]</Text>
      </RunInfo>
    </RunInfos>
  </ResultSummary>
</TestRun>